[www.geocities.jp/eisaburou_hp/index.html]
[backblue.gif]
[fade.gif]
[index.html]
[www.geocities.jp/eisaburou_hp/index-1.html]
[www.geocities.jp/eisaburou_hp/index-2.html]
[bc-geocities.yahoo.co.jp_443/js/sq.css]
[bc-geocities.yahoo.co.jp_443/js/sq.js]
[bc-geocities.yahoo.co.jp_443/js/geov2.js]
[www.geocities.jp/eisaburou_hp/index.html]
[www.geocities.jp/eisaburou_hp/h1-2.gif]
[www.geocities.jp/eisaburou_hp/index-3.html]
[www.geocities.jp/eisaburou_hp/ei035.jpg]
[www.geocities.jp/eisaburou_hp/aja.html]
[www.geocities.jp/eisaburou_hp/kanaken2005.html]
[www.geocities.jp/eisaburou_hp/kana033.jpg]
[www.geocities.jp/eisaburou_hp/syu.html]
[www.geocities.jp/eisaburou_hp/shu033.jpg]
[www.geocities.jp/eisaburou_hp/ichigo.html]
[www.geocities.jp/eisaburou_hp/ichigo033.jpg]
[www.geocities.jp/eisaburou_hp/nezuken.html]
[www.geocities.jp/eisaburou_hp/nezuken.jpg]
[www.geocities.jp/eisaburou_hp/milk002.html]
[www.geocities.jp/eisaburou_hp/koma033.jpg]
[www.geocities.jp/eisaburou_hp/geki.html]
[www.geocities.jp/eisaburou_hp/geki033.jpg]
[www.geocities.jp/eisaburou_hp/haya.html]
[www.geocities.jp/eisaburou_hp/haya033.jpg]
[www.geocities.jp/eisaburou_hp/aiyoko.html]
[www.geocities.jp/eisaburou_hp/aiyoko.jpg]
[www.geocities.jp/eisaburou_hp/yagura.html]
[www.geocities.jp/eisaburou_hp/yagu033.jpg]
[www.geocities.jp/eisaburou_hp/shiken.html]
[www.geocities.jp/eisaburou_hp/taisi033.jpg]
[www.geocities.jp/eisaburou_hp/ishida.html]
[www.geocities.jp/eisaburou_hp/ishida033.jpg]
[www.geocities.jp/eisaburou_hp/aihuri.html]
[www.geocities.jp/eisaburou_hp/aihuri.jpg]
[www.geocities.jp/eisaburou_hp/ori.html]
[www.geocities.jp/eisaburou_hp/ori033.jpg]
[www.geocities.jp/eisaburou_hp/tumeshougi.html]
[www.geocities.jp/eisaburou_hp/rusi002.jpg]
[www.geocities.jp/eisaburou_hp/milk003.html]
[www.geocities.jp/eisaburou_hp/milk033.jpg]
[www.geocities.jp/eisaburou_hp/shoku007.jpg]
[www.geocities.jp/eisaburou_hp/index-1.html]
[www.geocities.jp/eisaburou_hp/milk001.html]
[www.geocities.jp/eisaburou_hp/ei034.jpg]
[www.geocities.jp/eisaburou_hp/sho033.jpg]
[www.geocities.jp/eisaburou_hp/mail3.gif]
[www.geocities.jp/eisaburou_hp/index-2.html]
[bc-geocities.yahoo.co.jp_443/js/sq.css]
[www.geocities.jp/eisaburou_hp/index-3.html]
[www.geocities.jp/eisaburou_hp/shadow4.jpg]
[www.geocities.jp/eisaburou_hp/20070507162309.gif]
[www.geocities.jp/eisaburou_hp/aja.html]
[www.geocities.jp/eisaburou_hp/patapata-sky15.gif]
[www.geocities.jp/eisaburou_hp/kifu1/kanaken003h.html]
[www.geocities.jp/eisaburou_hp/kifu1/kanaken006h.html]
[www.geocities.jp/eisaburou_hp/kifu1/kanaken007h.html]
[www.geocities.jp/eisaburou_hp/kifu1/kanaken008h.html]
[www.geocities.jp/eisaburou_hp/kifu1/kanaken011h.html]
[www.geocities.jp/eisaburou_hp/kifu1/kanaken014h.html]
[www.geocities.jp/eisaburou_hp/kifu1/kanaken015h.html]
[www.geocities.jp/eisaburou_hp/kifu1/kanaken0016h.html]
[www.geocities.jp/eisaburou_hp/kanaken016h.html]
[www.geocities.jp/eisaburou_hp/kanaken017h.html]
[www.geocities.jp/eisaburou_hp/kanaken018h.html]
[www.geocities.jp/eisaburou_hp/kifu1/kanaken019h.html]
[www.geocities.jp/eisaburou_hp/kifu1/kanaken020h.html]
[www.geocities.jp/eisaburou_hp/kifu1/kanaken021h.html]
[www.geocities.jp/eisaburou_hp/kifu1/kanaken022h.html]
[www.geocities.jp/eisaburou_hp/kifu1/kanaken023h.html]
[www.geocities.jp/eisaburou_hp/kifu1/kanaken027h.html]
[www.geocities.jp/eisaburou_hp/kifu1/kanaken028h.html]
[www.geocities.jp/eisaburou_hp/kifu1/kanaken029h.html]
[www.geocities.jp/eisaburou_hp/kifu1/kanaken042h.html]
[www.geocities.jp/eisaburou_hp/kifu1/imamu046h.html]
[www.geocities.jp/eisaburou_hp/kifu1/imamu048h.html]
[www.geocities.jp/eisaburou_hp/kifu1/kanaken055h.html]
[www.geocities.jp/eisaburou_hp/kifu1/kanaken056h.html]
[www.geocities.jp/eisaburou_hp/kifu1/kanaken057h.html]
[www.geocities.jp/eisaburou_hp/kifu1/kanaken058h.html]
[www.geocities.jp/eisaburou_hp/kifu1/kanaken059h.html]
[www.geocities.jp/eisaburou_hp/kifu1/Nimzo1h.html]
[www.geocities.jp/eisaburou_hp/kifu1/kanaken067h.html]
[www.geocities.jp/eisaburou_hp/kifu1/kanaken070h.html]
[www.geocities.jp/eisaburou_hp/kifu1/kuro015h.html]
[www.geocities.jp/eisaburou_hp/kifu1/gest016h.html]
[www.geocities.jp/eisaburou_hp/kifu1/gest019h.html]
[www.geocities.jp/eisaburou_hp/kifu1/kanaken072h.html]
[www.geocities.jp/eisaburou_hp/kifu1/imamu077h.html]
[www.geocities.jp/eisaburou_hp/kifu1/nezu059h.html]
[www.geocities.jp/eisaburou_hp/kifu1/kuro018h.html]
[www.geocities.jp/eisaburou_hp/kifu1/gest020h.html]
[www.geocities.jp/eisaburou_hp/kifu1/kanaken077h.html]
[www.geocities.jp/eisaburou_hp/kifu1/kanaken083h.html]
[www.geocities.jp/eisaburou_hp/kifu1/kuro021h.html]
[www.geocities.jp/eisaburou_hp/kifu1/gest048h.html]
[www.geocities.jp/eisaburou_hp/kifu1/gest021h.html]
[www.geocities.jp/eisaburou_hp/kifu1/kuro022h.html]
[www.geocities.jp/eisaburou_hp/kifu1/kanaken091h.html]
[www.geocities.jp/eisaburou_hp/kifu1/kanaken095h.html]
[www.geocities.jp/eisaburou_hp/kifu1/kanaken096h.html]
[www.geocities.jp/eisaburou_hp/kifu1/kanaken101h.html]
[www.geocities.jp/eisaburou_hp/kifu1/kanaken102h.html]
[www.geocities.jp/eisaburou_hp/kifu1/kanaken111h.html]
[www.geocities.jp/eisaburou_hp/kifu1/gest068h.html]
[www.geocities.jp/eisaburou_hp/kifu1/kanaken002h.html]
[www.geocities.jp/eisaburou_hp/kifu1/kanaken005h.html]
[www.geocities.jp/eisaburou_hp/kifu1/kanaken010h.html]
[www.geocities.jp/eisaburou_hp/kifu1/kanaken012h.html]
[www.geocities.jp/eisaburou_hp/kifu1/kanaken040h.html]
[www.geocities.jp/eisaburou_hp/kifu1/kanaken051h.html]
[www.geocities.jp/eisaburou_hp/kifu1/kanaken052h.html]
[www.geocities.jp/eisaburou_hp/kifu1/kanaken054h.html]
[www.geocities.jp/eisaburou_hp/kifu1/imamu049h.html]
[www.geocities.jp/eisaburou_hp/kifu1/imamu060h.html]
[www.geocities.jp/eisaburou_hp/kifu1/imamu064h.html]
[www.geocities.jp/eisaburou_hp/kifu1/kanaken071h.html]
[www.geocities.jp/eisaburou_hp/kifu1/nezu054h.html]
[www.geocities.jp/eisaburou_hp/kifu1/kanaken074h.html]
[www.geocities.jp/eisaburou_hp/kifu1/kanaken080h.html]
[www.geocities.jp/eisaburou_hp/kifu1/kanaken081h.html]
[www.geocities.jp/eisaburou_hp/kifu1/kanaken082h.html]
[www.geocities.jp/eisaburou_hp/kifu1/imamu086h.html]
[www.geocities.jp/eisaburou_hp/kifu1/gest047h.html]
[www.geocities.jp/eisaburou_hp/kifu1/kanaken093h.html]
[www.geocities.jp/eisaburou_hp/kifu1/kanaken108h.html]
[www.geocities.jp/eisaburou_hp/kifu1/kanaken110h.html]
[www.geocities.jp/eisaburou_hp/kifu1/imamu140h.html]
[www.geocities.jp/eisaburou_hp/kifu1/kanaken121h.html]
[www.geocities.jp/eisaburou_hp/kifu1/kanaken123h.html]
[www.geocities.jp/eisaburou_hp/kifu1/kanaken001h.html]
[www.geocities.jp/eisaburou_hp/kifu1/kanaken024h.html]
[www.geocities.jp/eisaburou_hp/kifu1/kanaken026h.html]
[www.geocities.jp/eisaburou_hp/kifu1/kanaken030h.html]
[www.geocities.jp/eisaburou_hp/kifu1/kanaken035h.html]
[www.geocities.jp/eisaburou_hp/kifu1/kanaken036h.html]
[www.geocities.jp/eisaburou_hp/kifu1/kanaken038h.html]
[www.geocities.jp/eisaburou_hp/kifu1/kanaken039h.html]
[www.geocities.jp/eisaburou_hp/kifu1/kanaken043h.html]
[www.geocities.jp/eisaburou_hp/kifu1/kanaken045h.html]
[www.geocities.jp/eisaburou_hp/kifu1/kanaken048h.html]
[www.geocities.jp/eisaburou_hp/kifu1/kanaken049h.html]
[www.geocities.jp/eisaburou_hp/kifu1/kanaken060h.html]
[www.geocities.jp/eisaburou_hp/kifu1/kanaken061h.html]
[www.geocities.jp/eisaburou_hp/kifu1/kanaken062h.html]
[www.geocities.jp/eisaburou_hp/kifu1/nezu051h.html]
[www.geocities.jp/eisaburou_hp/kifu1/kanaken068h.html]
[www.geocities.jp/eisaburou_hp/kifu1/kanaken073h.html]
[www.geocities.jp/eisaburou_hp/kifu1/kanaken079h.html]
[www.geocities.jp/eisaburou_hp/kifu1/kanaken085h.html]
[www.geocities.jp/eisaburou_hp/kifu1/nezu060h.html]
[www.geocities.jp/eisaburou_hp/kifu1/kanaken090h.html]
[www.geocities.jp/eisaburou_hp/kifu1/kanaken099h.html]
[www.geocities.jp/eisaburou_hp/kifu1/gest067h.html]
[www.geocities.jp/eisaburou_hp/kifu1/kanaken100h.html]
[www.geocities.jp/eisaburou_hp/kifu1/kanaken104h.html]
[www.geocities.jp/eisaburou_hp/kifu1/kanaken103h.html]
[www.geocities.jp/eisaburou_hp/kifu1/kanaken105h.html]
[www.geocities.jp/eisaburou_hp/kifu1/kanaken107h.html]
[www.geocities.jp/eisaburou_hp/kifu1/kanaken109h.html]
[www.geocities.jp/eisaburou_hp/kifu1/imamu141h.html]
[www.geocities.jp/eisaburou_hp/kifu1/kanaken122h.html]
[www.geocities.jp/eisaburou_hp/kifu1/kanaken034h.html]
[www.geocities.jp/eisaburou_hp/kifu1/kanaken046h.html]
[www.geocities.jp/eisaburou_hp/kifu1/kanaken053h.html]
[www.geocities.jp/eisaburou_hp/kifu1/kanaken087h.html]
[www.geocities.jp/eisaburou_hp/kifu1/kanaken094h.html]
[www.geocities.jp/eisaburou_hp/kifu1/kanaken004h.html]
[www.geocities.jp/eisaburou_hp/kifu1/kanaken013h.html]
[www.geocities.jp/eisaburou_hp/kifu1/kanaken041h.html]
[www.geocities.jp/eisaburou_hp/kifu1/kanaken076h.html]
[www.geocities.jp/eisaburou_hp/kifu1/kanaken086h.html]
[www.geocities.jp/eisaburou_hp/kifu1/kanaken106h.html]
[www.geocities.jp/eisaburou_hp/kifu1/kanaken009h.html]
[www.geocities.jp/eisaburou_hp/kifu1/kanaken031h.html]
[www.geocities.jp/eisaburou_hp/kifu1/kanaken032h.html]
[www.geocities.jp/eisaburou_hp/kifu1/kanaken033h.html]
[www.geocities.jp/eisaburou_hp/kifu1/kanaken044h.html]
[www.geocities.jp/eisaburou_hp/kifu1/kanaken047h.html]
[www.geocities.jp/eisaburou_hp/kifu1/kanaken050h.html]
[www.geocities.jp/eisaburou_hp/kifu1/kanaken063h.html]
[www.geocities.jp/eisaburou_hp/kifu1/kanaken064h.html]
[www.geocities.jp/eisaburou_hp/kifu1/kanaken065h.html]
[www.geocities.jp/eisaburou_hp/kifu1/nezu052h.html]
[www.geocities.jp/eisaburou_hp/kifu1/kanaken066h.html]
[www.geocities.jp/eisaburou_hp/kifu1/kanaken069h.html]
[www.geocities.jp/eisaburou_hp/kifu1/nezu053h.html]
[www.geocities.jp/eisaburou_hp/kifu1/gest018h.html]
[www.geocities.jp/eisaburou_hp/kifu1/nezu055h.html]
[www.geocities.jp/eisaburou_hp/kifu1/nezu057h.html]
[www.geocities.jp/eisaburou_hp/kifu1/kanaken075h.html]
[www.geocities.jp/eisaburou_hp/kifu1/kanaken078h.html]
[www.geocities.jp/eisaburou_hp/kifu1/kanaken089h.html]
[www.geocities.jp/eisaburou_hp/kanaken2005.html]
[www.geocities.jp/eisaburou_hp/patapata-sky10.gif]
[www.geocities.jp/eisaburou_hp/kifu1/syu008h.html]
[www.geocities.jp/eisaburou_hp/kifu1/syu006h.html]
[www.geocities.jp/eisaburou_hp/kifu1/syu007h.html]
[www.geocities.jp/eisaburou_hp/kifu1/syu004h.html]
[www.geocities.jp/eisaburou_hp/kifu1/syu005h.html]
[www.geocities.jp/eisaburou_hp/kifu1/syu009h.html]
[www.geocities.jp/eisaburou_hp/kifu1/syu010h.html]
[www.geocities.jp/eisaburou_hp/kifu1/syu011h.html]
[www.geocities.jp/eisaburou_hp/kifu1/syu012h.html]
[www.geocities.jp/eisaburou_hp/kifu1/syu013h.html]
[www.geocities.jp/eisaburou_hp/kifu1/syu014h.html]
[www.geocities.jp/eisaburou_hp/kifu1/syu015h.html]
[www.geocities.jp/eisaburou_hp/kifu1/syu016h.html]
[www.geocities.jp/eisaburou_hp/kifu1/syu017h.html]
[www.geocities.jp/eisaburou_hp/syu.html]
[www.geocities.jp/eisaburou_hp/kifu1/gest064h.html]
[www.geocities.jp/eisaburou_hp/kifu1/ichigo001h.html]
[www.geocities.jp/eisaburou_hp/kifu1/ichigo002h.html]
[www.geocities.jp/eisaburou_hp/ichigo.html]
[www.geocities.jp/eisaburou_hp/kifu1/kurojirogin001h.html]
[www.geocities.jp/eisaburou_hp/kifu1/kuro010h.html]
[www.geocities.jp/eisaburou_hp/kifu1/kuro012h.html]
[www.geocities.jp/eisaburou_hp/kifu1/kuro013h.html]
[www.geocities.jp/eisaburou_hp/kifu1/kuro014h.html]
[www.geocities.jp/eisaburou_hp/kifu1/kuro023h.html]
[www.geocities.jp/eisaburou_hp/nezuken.html]
[www.geocities.jp/eisaburou_hp/kifu1/gest031h.html]
[www.geocities.jp/eisaburou_hp/kifu1/gest029h.html]
[www.geocities.jp/eisaburou_hp/kifu1/gest034h.html]
[www.geocities.jp/eisaburou_hp/kifu1/gest035h.html]
[www.geocities.jp/eisaburou_hp/kifu1/milk001h.html]
[www.geocities.jp/eisaburou_hp/kifu1/imamu092h.html]
[www.geocities.jp/eisaburou_hp/kifu1/nezu061h.html]
[www.geocities.jp/eisaburou_hp/kifu1/gest050h.html]
[www.geocities.jp/eisaburou_hp/kifu1/gest057h.html]
[www.geocities.jp/eisaburou_hp/kifu1/koma003h.html]
[www.geocities.jp/eisaburou_hp/kifu1/koma001h.html]
[www.geocities.jp/eisaburou_hp/kifu1/koma002h.html]
[www.geocities.jp/eisaburou_hp/kifu1/ayako008h.html]
[www.geocities.jp/eisaburou_hp/kifu1/ayako007h.html]
[www.geocities.jp/eisaburou_hp/kifu1/kisito005h.html]
[www.geocities.jp/eisaburou_hp/kifu1/kisito003h.html]
[www.geocities.jp/eisaburou_hp/kifu1/kisito001h.html]
[www.geocities.jp/eisaburou_hp/kifu1/koma004h.html]
[www.geocities.jp/eisaburou_hp/kifu1/ayako002h.html]
[www.geocities.jp/eisaburou_hp/kifu1/ayako003h.html]
[www.geocities.jp/eisaburou_hp/kifu1/ayako004h.html]
[www.geocities.jp/eisaburou_hp/kifu1/ayako006h.html]
[www.geocities.jp/eisaburou_hp/kifu1/imamu136h.html]
[www.geocities.jp/eisaburou_hp/milk002.html]
[www.geocities.jp/eisaburou_hp/kifu1/nezuk001.txt]
[www.geocities.jp/eisaburou_hp/kifu1/imak001.txt]
[www.geocities.jp/eisaburou_hp/kifu1/purok001.txt]
[www.geocities.jp/eisaburou_hp/kifu1/imak002.txt]
[www.geocities.jp/eisaburou_hp/kifu1/gestk019.txt]
[www.geocities.jp/eisaburou_hp/kifu1/purok039.txt]
[www.geocities.jp/eisaburou_hp/kifu1/imak075.txt]
[www.geocities.jp/eisaburou_hp/kifu1/nezuk055.txt]
[www.geocities.jp/eisaburou_hp/kifu1/imak077.txt]
[www.geocities.jp/eisaburou_hp/kifu1/nezuk057.txt]
[www.geocities.jp/eisaburou_hp/kifu1/imak078.txt]
[www.geocities.jp/eisaburou_hp/kifu1/kurok017.txt]
[www.geocities.jp/eisaburou_hp/kifu1/nezuk058.txt]
[www.geocities.jp/eisaburou_hp/kifu1/kurok019.txt]
[www.geocities.jp/eisaburou_hp/kifu1/kurok016.txt]
[www.geocities.jp/eisaburou_hp/kifu1/kanak001.txt]
[www.geocities.jp/eisaburou_hp/kifu1/nezuk059.txt]
[www.geocities.jp/eisaburou_hp/kifu1/koumei01.txt]
[www.geocities.jp/eisaburou_hp/kifu1/kurok020.txt]
[www.geocities.jp/eisaburou_hp/kifu1/prok043.txt]
[www.geocities.jp/eisaburou_hp/kifu1/kanak073.txt]
[www.geocities.jp/eisaburou_hp/kifu1/imak079.txt]
[www.geocities.jp/eisaburou_hp/kifu1/gestk0001.txt]
[www.geocities.jp/eisaburou_hp/kifu1/gestk020.txt]
[www.geocities.jp/eisaburou_hp/kifu1/purok045.txt]
[www.geocities.jp/eisaburou_hp/kifu1/kanak074.txt]
[www.geocities.jp/eisaburou_hp/kifu1/purok046.txt]
[www.geocities.jp/eisaburou_hp/kifu1/kanak076.txt]
[www.geocities.jp/eisaburou_hp/kifu1/imak080.txt]
[www.geocities.jp/eisaburou_hp/kifu1/imak081.txt]
[www.geocities.jp/eisaburou_hp/kifu1/kurok021.txt]
[www.geocities.jp/eisaburou_hp/kifu1/kanak085.txt]
[www.geocities.jp/eisaburou_hp/kifu1/imak085.txt]
[www.geocities.jp/eisaburou_hp/kifu1/nezuk060.txt]
[www.geocities.jp/eisaburou_hp/kifu1/imamk086.txt]
[www.geocities.jp/eisaburou_hp/kifu1/imak087.txt]
[www.geocities.jp/eisaburou_hp/kifu1/purok056.txt]
[www.geocities.jp/eisaburou_hp/kifu1/purok003.txt]
[www.geocities.jp/eisaburou_hp/kifu1/imak003.txt]
[www.geocities.jp/eisaburou_hp/kifu1/purok058.txt]
[www.geocities.jp/eisaburou_hp/kifu1/gestk047.txt]
[www.geocities.jp/eisaburou_hp/kifu1/nezuk061.txt]
[www.geocities.jp/eisaburou_hp/kifu1/gestk048.txt]
[www.geocities.jp/eisaburou_hp/kifu1/gestk049.txt]
[www.geocities.jp/eisaburou_hp/kifu1/gestk051.txt]
[www.geocities.jp/eisaburou_hp/kifu1/gestk062.txt]
[www.geocities.jp/eisaburou_hp/kifu1/imak100.txt]
[www.geocities.jp/eisaburou_hp/kifu1/syuk011.txt]
[www.geocities.jp/eisaburou_hp/kifu1/imak134.txt]
[www.geocities.jp/eisaburou_hp/kifu1/relay001k.txt]
[www.geocities.jp/eisaburou_hp/newz316.gif]
[www.geocities.jp/eisaburou_hp/geki.html]
[www.geocities.jp/eisaburou_hp/shadow2.jpg]
[www.geocities.jp/eisaburou_hp/kifu1/imamu080h.html]
[www.geocities.jp/eisaburou_hp/kifu1/gest051h.html]
[www.geocities.jp/eisaburou_hp/haya.html]
[www.geocities.jp/eisaburou_hp/kifu1/tia004h.html]
[www.geocities.jp/eisaburou_hp/kifu1/papa128h.html]
[www.geocities.jp/eisaburou_hp/kifu1/tia006h.html]
[www.geocities.jp/eisaburou_hp/kifu1/papa129h.html]
[www.geocities.jp/eisaburou_hp/kifu1/imamu066h.html]
[www.geocities.jp/eisaburou_hp/kifu1/imamu067h.html]
[www.geocities.jp/eisaburou_hp/kifu1/imamu068h.html]
[www.geocities.jp/eisaburou_hp/kifu1/imamu074h.html]
[www.geocities.jp/eisaburou_hp/kifu1/puro038h.html]
[www.geocities.jp/eisaburou_hp/kifu1/papa136h.html]
[www.geocities.jp/eisaburou_hp/kifu1/gest045h.html]
[www.geocities.jp/eisaburou_hp/aiyoko.html]
[www.geocities.jp/eisaburou_hp/kifu1/yagura001h.html]
[www.geocities.jp/eisaburou_hp/kifu1/yagura004h.html]
[www.geocities.jp/eisaburou_hp/kifu1/yagura003h.html]
[www.geocities.jp/eisaburou_hp/kifu1/nezu007h.html]
[www.geocities.jp/eisaburou_hp/kifu1/nezu008h.html]
[www.geocities.jp/eisaburou_hp/kifu1/nezu020h.html]
[www.geocities.jp/eisaburou_hp/kifu1/toku001h.html]
[www.geocities.jp/eisaburou_hp/kifu1/papa011h.html]
[www.geocities.jp/eisaburou_hp/kifu1/papa015h.html]
[www.geocities.jp/eisaburou_hp/kifu1/papa016h.html]
[www.geocities.jp/eisaburou_hp/kifu1/papa017h.html]
[www.geocities.jp/eisaburou_hp/kifu1/papa030h.html]
[www.geocities.jp/eisaburou_hp/kifu1/papa031h.html]
[www.geocities.jp/eisaburou_hp/kifu1/papa034h.html]
[www.geocities.jp/eisaburou_hp/kifu1/papa035h.html]
[www.geocities.jp/eisaburou_hp/kifu1/papa037h.html]
[www.geocities.jp/eisaburou_hp/kifu1/papa038h.html]
[www.geocities.jp/eisaburou_hp/kifu1/papa041h.html]
[www.geocities.jp/eisaburou_hp/kifu1/papa042h.html]
[www.geocities.jp/eisaburou_hp/kifu1/papa066h.html]
[www.geocities.jp/eisaburou_hp/kifu1/papa068h.html]
[www.geocities.jp/eisaburou_hp/kifu1/papa085h.html]
[www.geocities.jp/eisaburou_hp/kifu1/papa091h.html]
[www.geocities.jp/eisaburou_hp/kifu1/papa094h.html]
[www.geocities.jp/eisaburou_hp/kifu1/papa095h.html]
[www.geocities.jp/eisaburou_hp/kifu1/papa096h.html]
[www.geocities.jp/eisaburou_hp/kifu1/papa103h.html]
[www.geocities.jp/eisaburou_hp/kifu1/papa123h.html]
[www.geocities.jp/eisaburou_hp/kifu1/puro033h.html]
[www.geocities.jp/eisaburou_hp/kifu1/papa135h.html]
[www.geocities.jp/eisaburou_hp/kifu1/puro046h.html]
[www.geocities.jp/eisaburou_hp/kifu1/papa144h.html]
[www.geocities.jp/eisaburou_hp/kifu1/puro069h.html]
[www.geocities.jp/eisaburou_hp/kifu1/imamu114h.html]
[www.geocities.jp/eisaburou_hp/kifu1/puro077h.html]
[www.geocities.jp/eisaburou_hp/kifu1/puro078h.html]
[www.geocities.jp/eisaburou_hp/yagura.html]
[www.geocities.jp/eisaburou_hp/20060430171914.gif]
[www.geocities.jp/eisaburou_hp/20060430173216.gif]
[www.geocities.jp/eisaburou_hp/20060430173856.gif]
[www.geocities.jp/eisaburou_hp/20060430174553.gif]
[www.geocities.jp/eisaburou_hp/kifu1/papa010h.html]
[www.geocities.jp/eisaburou_hp/kifu1/papa014h.html]
[www.geocities.jp/eisaburou_hp/kifu1/papa033h.html]
[www.geocities.jp/eisaburou_hp/kifu1/papa043h.html]
[www.geocities.jp/eisaburou_hp/kifu1/papa044h.html]
[www.geocities.jp/eisaburou_hp/kifu1/papa048h.html]
[www.geocities.jp/eisaburou_hp/kifu1/papa054h.html]
[www.geocities.jp/eisaburou_hp/kifu1/papa069h.html]
[www.geocities.jp/eisaburou_hp/kifu1/papa070h.html]
[www.geocities.jp/eisaburou_hp/kifu1/papa073h.html]
[www.geocities.jp/eisaburou_hp/kifu1/papa076h.html]
[www.geocities.jp/eisaburou_hp/kifu1/papa090h.html]
[www.geocities.jp/eisaburou_hp/kifu1/papa092h.html]
[www.geocities.jp/eisaburou_hp/kifu1/papa100h.html]
[www.geocities.jp/eisaburou_hp/kifu1/papa101h.html]
[www.geocities.jp/eisaburou_hp/kifu1/papa109h.html]
[www.geocities.jp/eisaburou_hp/kifu1/papa110h.html]
[www.geocities.jp/eisaburou_hp/kifu1/papa111h.html]
[www.geocities.jp/eisaburou_hp/kifu1/papa115h.html]
[www.geocities.jp/eisaburou_hp/kifu1/papa121h.html]
[www.geocities.jp/eisaburou_hp/kifu1/papa133h.html]
[www.geocities.jp/eisaburou_hp/kifu1/syu003h.html]
[www.geocities.jp/eisaburou_hp/kifu1/puro037h.html]
[www.geocities.jp/eisaburou_hp/kifu1/papa141h.html]
[www.geocities.jp/eisaburou_hp/kifu1/ana001h.html]
[www.geocities.jp/eisaburou_hp/kifu1/papa143h.html]
[www.geocities.jp/eisaburou_hp/kifu1/puro065h.html]
[www.geocities.jp/eisaburou_hp/kifu1/puro066h.html]
[www.geocities.jp/eisaburou_hp/kifu1/imamu100h.html]
[www.geocities.jp/eisaburou_hp/kifu1/puro063h.html]
[www.geocities.jp/eisaburou_hp/kifu1/puro064h.html]
[www.geocities.jp/eisaburou_hp/kifu1/puro072h.html]
[www.geocities.jp/eisaburou_hp/kifu1/puro075h.html]
[www.geocities.jp/eisaburou_hp/kifu1/puro071h.html]
[www.geocities.jp/eisaburou_hp/kifu1/puro070h.html]
[www.geocities.jp/eisaburou_hp/kifu1/puro068h.html]
[www.geocities.jp/eisaburou_hp/kifu1/puro067h.html]
[www.geocities.jp/eisaburou_hp/kifu1/puro076h.html]
[www.geocities.jp/eisaburou_hp/shiken.html]
[www.geocities.jp/eisaburou_hp/kifu1/puro030h.html]
[www.geocities.jp/eisaburou_hp/kifu1/puro031h.html]
[www.geocities.jp/eisaburou_hp/kifu1/papa127h.html]
[www.geocities.jp/eisaburou_hp/kifu1/papa130h.html]
[www.geocities.jp/eisaburou_hp/ishida.html]
[www.geocities.jp/eisaburou_hp/kifu1/puro003h.html]
[www.geocities.jp/eisaburou_hp/kifu1/puro008h.html]
[www.geocities.jp/eisaburou_hp/kifu1/puro016h.html]
[www.geocities.jp/eisaburou_hp/kifu1/puro018h.html]
[www.geocities.jp/eisaburou_hp/kifu1/puro021h.html]
[www.geocities.jp/eisaburou_hp/kifu1/puro032h.html]
[www.geocities.jp/eisaburou_hp/kifu1/puro035h.html]
[www.geocities.jp/eisaburou_hp/kifu1/puro036h.html]
[www.geocities.jp/eisaburou_hp/kifu1/puro042h.html]
[www.geocities.jp/eisaburou_hp/kifu1/kanaken084h.html]
[www.geocities.jp/eisaburou_hp/aihuri.html]
[www.geocities.jp/eisaburou_hp/kifu1/tia001h.html]
[www.geocities.jp/eisaburou_hp/kifu1/tia003h.html]
[www.geocities.jp/eisaburou_hp/kifu1/papa134h.html]
[www.geocities.jp/eisaburou_hp/kifu1/imamu069h.html]
[www.geocities.jp/eisaburou_hp/kifu1/imamu070h.html]
[www.geocities.jp/eisaburou_hp/kifu1/imamu072h.html]
[www.geocities.jp/eisaburou_hp/kifu1/papa139h.html]
[www.geocities.jp/eisaburou_hp/kifu1/papa140h.html]
[www.geocities.jp/eisaburou_hp/kifu1/puro051h.html]
[www.geocities.jp/eisaburou_hp/kifu1/puro050h.html]
[www.geocities.jp/eisaburou_hp/kifu1/puro055h.html]
[www.geocities.jp/eisaburou_hp/kifu1/imamu084h.html]
[www.geocities.jp/eisaburou_hp/kifu1/gest022h.html]
[www.geocities.jp/eisaburou_hp/kifu1/papa142h.html]
[www.geocities.jp/eisaburou_hp/kifu1/gest036h.html]
[www.geocities.jp/eisaburou_hp/kifu1/gest040h.html]
[www.geocities.jp/eisaburou_hp/kifu1/gest041h.html]
[www.geocities.jp/eisaburou_hp/ori.html]
[www.geocities.jp/eisaburou_hp/tumeshougi-frame1.html]
[www.geocities.jp/eisaburou_hp/tumeshougi-frame2.html]
[www.geocities.jp/eisaburou_hp/tumeshougi.html]
[www.geocities.jp/eisaburou_hp/kifu1/gest044h.html]
[www.geocities.jp/eisaburou_hp/kifu1/gest033h.html]
[www.geocities.jp/eisaburou_hp/kifu1/gest028h.html]
[www.geocities.jp/eisaburou_hp/kifu1/gest027h.html]
[www.geocities.jp/eisaburou_hp/kifu1/gest026h.html]
[www.geocities.jp/eisaburou_hp/milk003.html]
[www.geocities.jp/eisaburou_hp/neko1.gif]
[www.geocities.jp/eisaburou_hp/neko2.gif]
[www.geocities.jp/eisaburou_hp/neko3.gif]
[www.geocities.jp/eisaburou_hp/neko4.gif]
[www.geocities.jp/eisaburou_hp/neko5.gif]
[www.geocities.jp/eisaburou_hp/1.gif]
[www.geocities.jp/eisaburou_hp/2.gif]
[www.geocities.jp/eisaburou_hp/3.gif]
[www.geocities.jp/eisaburou_hp/4.gif]
[www.geocities.jp/eisaburou_hp/5.gif]
[www.geocities.jp/eisaburou_hp/6.gif]
[www.geocities.jp/eisaburou_hp/7.gif]
[www.geocities.jp/eisaburou_hp/8.gif]
[www.geocities.jp/eisaburou_hp/9.gif]
[www.geocities.jp/eisaburou_hp/0.gif]
[www.geocities.jp/eisaburou_hp/20060511180819.gif]
[www.geocities.jp/eisaburou_hp/20060521015556.gif]
[www.geocities.jp/eisaburou_hp/20060521015906.gif]
[www.geocities.jp/eisaburou_hp/20070205072936.gif]
[www.geocities.jp/eisaburou_hp/milk001.html]
[www.geocities.jp/eisaburou_hp/kifu1/kanaken.gif]
[www.geocities.jp/eisaburou_hp/kifu1/kifuj.jar]
[www.geocities.jp/eisaburou_hp/kifu1/kanaken003.txt]
[www.geocities.jp/eisaburou_hp/kifu1/kifujhelp.html]
[www.geocities.jp/eisaburou_hp/kifu1/kanaken003h.html]
[www.geocities.jp/eisaburou_hp/kifu1/kanaken006h.html]
[www.geocities.jp/eisaburou_hp/kifu1/kanaken006.txt]
[www.geocities.jp/eisaburou_hp/kifu1/kanaken007.txt]
[www.geocities.jp/eisaburou_hp/kifu1/kanaken007h.html]
[www.geocities.jp/eisaburou_hp/kifu1/kanaken008h.html]
[www.geocities.jp/eisaburou_hp/kifu1/kanaken011h.html]
[www.geocities.jp/eisaburou_hp/kifu1/kanaken011.txt]
[www.geocities.jp/eisaburou_hp/kifu1/kanaken008.txt]
[www.geocities.jp/eisaburou_hp/kifu1/kanaken014h.html]
[www.geocities.jp/eisaburou_hp/kifu1/kanaken015h.html]
[www.geocities.jp/eisaburou_hp/kifu1/kanaken014.txt]
[www.geocities.jp/eisaburou_hp/kifu1/kanaken015.txt]
[www.geocities.jp/eisaburou_hp/kifu1/kanaken0016.txt]
[www.geocities.jp/eisaburou_hp/kifu1/kanaken0016h.html]
[www.geocities.jp/eisaburou_hp/kifuj.jar]
[www.geocities.jp/eisaburou_hp/kanaken016.txt]
[www.geocities.jp/eisaburou_hp/kifujhelp.html]
[www.geocities.jp/eisaburou_hp/kanaken016h.html]
[www.geocities.jp/eisaburou_hp/kanaken017.txt]
[www.geocities.jp/eisaburou_hp/kanaken017h.html]
[www.geocities.jp/eisaburou_hp/kanaken018.txt]
[www.geocities.jp/eisaburou_hp/kanaken018h.html]
[www.geocities.jp/eisaburou_hp/kifu1/kanaken019h.html]
[www.geocities.jp/eisaburou_hp/kifu1/kanaken019.txt]
[www.geocities.jp/eisaburou_hp/kifu1/kanaken020.txt]
[www.geocities.jp/eisaburou_hp/kifu1/kanaken020h.html]
[www.geocities.jp/eisaburou_hp/kifu1/kanaken021.txt]
[www.geocities.jp/eisaburou_hp/kifu1/kanaken021h.html]
[www.geocities.jp/eisaburou_hp/kifu1/kanaken022.txt]
[www.geocities.jp/eisaburou_hp/kifu1/kanaken022h.html]
[www.geocities.jp/eisaburou_hp/kifu1/kanaken023.txt]
[www.geocities.jp/eisaburou_hp/kifu1/kanaken023h.html]
[www.geocities.jp/eisaburou_hp/kifu1/kanaken027.txt]
[www.geocities.jp/eisaburou_hp/kifu1/kanaken027h.html]
[www.geocities.jp/eisaburou_hp/kifu1/kanaken028.txt]
[www.geocities.jp/eisaburou_hp/kifu1/kanaken028h.html]
[www.geocities.jp/eisaburou_hp/kifu1/kanaken029.txt]
[www.geocities.jp/eisaburou_hp/kifu1/kanaken029h.html]
[www.geocities.jp/eisaburou_hp/kifu1/kanaken042.txt]
[www.geocities.jp/eisaburou_hp/kifu1/kanaken042h.html]
[www.geocities.jp/eisaburou_hp/kifu1/Eizaburou4.gif]
[www.geocities.jp/eisaburou_hp/kifu1/imamu046.txt]
[www.geocities.jp/eisaburou_hp/kifu1/imamu046h.html]
[www.geocities.jp/eisaburou_hp/kifu1/imamu048.txt]
[www.geocities.jp/eisaburou_hp/kifu1/imamu048h.html]
[www.geocities.jp/eisaburou_hp/kifu1/kanaken055.txt]
[www.geocities.jp/eisaburou_hp/kifu1/kanaken055h.html]
[www.geocities.jp/eisaburou_hp/kifu1/kanaken056.txt]
[www.geocities.jp/eisaburou_hp/kifu1/kanaken056h.html]
[www.geocities.jp/eisaburou_hp/kifu1/kanaken057.txt]
[www.geocities.jp/eisaburou_hp/kifu1/kanaken057h.html]
[www.geocities.jp/eisaburou_hp/kifu1/kanaken058.txt]
[www.geocities.jp/eisaburou_hp/kifu1/kanaken058h.html]
[www.geocities.jp/eisaburou_hp/kifu1/kanaken060.txt]
[www.geocities.jp/eisaburou_hp/kifu1/kanaken059h.html]
[www.geocities.jp/eisaburou_hp/kifu1/Nimzo1.txt]
[www.geocities.jp/eisaburou_hp/kifu1/Nimzo1h.html]
[www.geocities.jp/eisaburou_hp/kifu1/kanaken067.txt]
[www.geocities.jp/eisaburou_hp/kifu1/kanaken067h.html]
[www.geocities.jp/eisaburou_hp/kifu1/kanaken070.txt]
[www.geocities.jp/eisaburou_hp/kifu1/kanaken070h.html]
[www.geocities.jp/eisaburou_hp/kifu1/kuro015.txt]
[www.geocities.jp/eisaburou_hp/kifu1/kuro015h.html]
[www.geocities.jp/eisaburou_hp/kifu1/gest016.txt]
[www.geocities.jp/eisaburou_hp/kifu1/gest016h.html]
[www.geocities.jp/eisaburou_hp/kifu1/gest019.txt]
[www.geocities.jp/eisaburou_hp/kifu1/gest019h.html]
[www.geocities.jp/eisaburou_hp/kifu1/kanaken072.txt]
[www.geocities.jp/eisaburou_hp/kifu1/kanaken072h.html]
[www.geocities.jp/eisaburou_hp/kifu1/imamu077h.html]
[www.geocities.jp/eisaburou_hp/kifu1/imamu077.txt]
[www.geocities.jp/eisaburou_hp/kifu1/nezu059.txt]
[www.geocities.jp/eisaburou_hp/kifu1/nezu059h.html]
[www.geocities.jp/eisaburou_hp/kifu1/kuro018h.html]
[www.geocities.jp/eisaburou_hp/kifu1/kuro018.txt]
[www.geocities.jp/eisaburou_hp/kifu1/gest020.txt]
[www.geocities.jp/eisaburou_hp/kifu1/gest020h.html]
[www.geocities.jp/eisaburou_hp/kifu1/kanaken077.txt]
[www.geocities.jp/eisaburou_hp/kifu1/kanaken077h.html]
[www.geocities.jp/eisaburou_hp/kifu1/kanaken083.txt]
[www.geocities.jp/eisaburou_hp/kifu1/kanaken083h.html]
[www.geocities.jp/eisaburou_hp/kifu1/kuro021h.html]
[www.geocities.jp/eisaburou_hp/kifu1/gest021.txt]
[www.geocities.jp/eisaburou_hp/kifu1/gest021h.html]
[www.geocities.jp/eisaburou_hp/kifu1/gest048.txt]
[www.geocities.jp/eisaburou_hp/kifu1/kuro021.txt]
[www.geocities.jp/eisaburou_hp/kifu1/gest048h.html]
[www.geocities.jp/eisaburou_hp/kifu1/kuro022.txt]
[www.geocities.jp/eisaburou_hp/kifu1/kuro022h.html]
[www.geocities.jp/eisaburou_hp/kifu1/kanaken091.txt]
[www.geocities.jp/eisaburou_hp/kifu1/kanaken091h.html]
[www.geocities.jp/eisaburou_hp/kifu1/kanaken095.txt]
[www.geocities.jp/eisaburou_hp/kifu1/kanaken095h.html]
[www.geocities.jp/eisaburou_hp/kifu1/kanaken096.txt]
[www.geocities.jp/eisaburou_hp/kifu1/kanaken096h.html]
[www.geocities.jp/eisaburou_hp/kifu1/kanaken101.txt]
[www.geocities.jp/eisaburou_hp/kifu1/kanaken101h.html]
[www.geocities.jp/eisaburou_hp/kifu1/kanaken102h.html]
[www.geocities.jp/eisaburou_hp/kifu1/kanaken111h.html]
[www.geocities.jp/eisaburou_hp/kifu1/kanaken111.txt]
[www.geocities.jp/eisaburou_hp/kifu1/kanaken102.txt]
[www.geocities.jp/eisaburou_hp/kifu1/gest068.txt]
[www.geocities.jp/eisaburou_hp/kifu1/gest068h.html]
[www.geocities.jp/eisaburou_hp/kifu1/kanaken002.txt]
[www.geocities.jp/eisaburou_hp/kifu1/kanaken002h.html]
[www.geocities.jp/eisaburou_hp/kifu1/kanaken005.txt]
[www.geocities.jp/eisaburou_hp/kifu1/kanaken005h.html]
[www.geocities.jp/eisaburou_hp/kifu1/kanaken010.txt]
[www.geocities.jp/eisaburou_hp/kifu1/kanaken010h.html]
[www.geocities.jp/eisaburou_hp/kifu1/kanaken012.txt]
[www.geocities.jp/eisaburou_hp/kifu1/kanaken012h.html]
[www.geocities.jp/eisaburou_hp/kifu1/kanaken040.txt]
[www.geocities.jp/eisaburou_hp/kifu1/kanaken040h.html]
[www.geocities.jp/eisaburou_hp/kifu1/kanaken051.txt]
[www.geocities.jp/eisaburou_hp/kifu1/kanaken051h.html]
[www.geocities.jp/eisaburou_hp/kifu1/kanaken052.txt]
[www.geocities.jp/eisaburou_hp/kifu1/kanaken052h.html]
[www.geocities.jp/eisaburou_hp/kifu1/kanaken054.txt]
[www.geocities.jp/eisaburou_hp/kifu1/kanaken054h.html]
[www.geocities.jp/eisaburou_hp/kifu1/imamu049.txt]
[www.geocities.jp/eisaburou_hp/kifu1/imamu049h.html]
[www.geocities.jp/eisaburou_hp/kifu1/imamu060.txt]
[www.geocities.jp/eisaburou_hp/kifu1/imamu060h.html]
[www.geocities.jp/eisaburou_hp/kifu1/imamu064.txt]
[www.geocities.jp/eisaburou_hp/kifu1/imamu064h.html]
[www.geocities.jp/eisaburou_hp/kifu1/kanaken071.txt]
[www.geocities.jp/eisaburou_hp/kifu1/kanaken071h.html]
[www.geocities.jp/eisaburou_hp/kifu1/nezu054.txt]
[www.geocities.jp/eisaburou_hp/kifu1/nezu054h.html]
[www.geocities.jp/eisaburou_hp/kifu1/kanaken074.txt]
[www.geocities.jp/eisaburou_hp/kifu1/kanaken074h.html]
[www.geocities.jp/eisaburou_hp/kifu1/kanaken080.txt]
[www.geocities.jp/eisaburou_hp/kifu1/kanaken080h.html]
[www.geocities.jp/eisaburou_hp/kifu1/kanaken081.txt]
[www.geocities.jp/eisaburou_hp/kifu1/kanaken081h.html]
[www.geocities.jp/eisaburou_hp/kifu1/kanaken082.txt]
[www.geocities.jp/eisaburou_hp/kifu1/kanaken082h.html]
[www.geocities.jp/eisaburou_hp/kifu1/imamu086.txt]
[www.geocities.jp/eisaburou_hp/kifu1/imamu086h.html]
[www.geocities.jp/eisaburou_hp/kifu1/gest047.txt]
[www.geocities.jp/eisaburou_hp/kifu1/gest047h.html]
[www.geocities.jp/eisaburou_hp/kifu1/kanaken093.txt]
[www.geocities.jp/eisaburou_hp/kifu1/kanaken093h.html]
[www.geocities.jp/eisaburou_hp/kifu1/kanaken108.txt]
[www.geocities.jp/eisaburou_hp/kifu1/kanaken108h.html]
[www.geocities.jp/eisaburou_hp/kifu1/kanaken110.txt]
[www.geocities.jp/eisaburou_hp/kifu1/kanaken110h.html]
[www.geocities.jp/eisaburou_hp/kifu1/imamu140h.html]
[www.geocities.jp/eisaburou_hp/kifu1/imamu140.txt]
[www.geocities.jp/eisaburou_hp/kifu1/kanaken121.txt]
[www.geocities.jp/eisaburou_hp/kifu1/kanaken121h.html]
[www.geocities.jp/eisaburou_hp/kifu1/kanaken123.txt]
[www.geocities.jp/eisaburou_hp/kifu1/kanaken123h.html]
[www.geocities.jp/eisaburou_hp/kifu1/kanaken001.txt]
[www.geocities.jp/eisaburou_hp/kifu1/kanaken001h.html]
[www.geocities.jp/eisaburou_hp/kifu1/kanaken024.txt]
[www.geocities.jp/eisaburou_hp/kifu1/kanaken024h.html]
[www.geocities.jp/eisaburou_hp/kifu1/kanaken026.txt]
[www.geocities.jp/eisaburou_hp/kifu1/kanaken026h.html]
[www.geocities.jp/eisaburou_hp/kifu1/kanaken030.txt]
[www.geocities.jp/eisaburou_hp/kifu1/kanaken030h.html]
[www.geocities.jp/eisaburou_hp/kifu1/kanaken035.txt]
[www.geocities.jp/eisaburou_hp/kifu1/kanaken035h.html]
[www.geocities.jp/eisaburou_hp/kifu1/kanaken036.txt]
[www.geocities.jp/eisaburou_hp/kifu1/kanaken036h.html]
[www.geocities.jp/eisaburou_hp/kifu1/kanaken038.txt]
[www.geocities.jp/eisaburou_hp/kifu1/kanaken038h.html]
[www.geocities.jp/eisaburou_hp/kifu1/kanaken039.txt]
[www.geocities.jp/eisaburou_hp/kifu1/kanaken039h.html]
[www.geocities.jp/eisaburou_hp/kifu1/kanaken043.txt]
[www.geocities.jp/eisaburou_hp/kifu1/kanaken043h.html]
[www.geocities.jp/eisaburou_hp/kifu1/kanaken045.txt]
[www.geocities.jp/eisaburou_hp/kifu1/kanaken045h.html]
[www.geocities.jp/eisaburou_hp/kifu1/kanaken048h.html]
[www.geocities.jp/eisaburou_hp/kifu1/kanaken048.txt]
[www.geocities.jp/eisaburou_hp/kifu1/kanaken049.txt]
[www.geocities.jp/eisaburou_hp/kifu1/kanaken049h.html]
[www.geocities.jp/eisaburou_hp/kifu1/kanaken060h.html]
[www.geocities.jp/eisaburou_hp/kifu1/kanaken061h.html]
[www.geocities.jp/eisaburou_hp/kifu1/kanaken062h.html]
[www.geocities.jp/eisaburou_hp/kifu1/kanaken062.txt]
[www.geocities.jp/eisaburou_hp/kifu1/nezu051.txt]
[www.geocities.jp/eisaburou_hp/kifu1/kanaken061.txt]
[www.geocities.jp/eisaburou_hp/kifu1/nezu051h.html]
[www.geocities.jp/eisaburou_hp/kifu1/kanaken068.txt]
[www.geocities.jp/eisaburou_hp/kifu1/kanaken068h.html]
[www.geocities.jp/eisaburou_hp/kifu1/kanaken073.txt]
[www.geocities.jp/eisaburou_hp/kifu1/kanaken073h.html]
[www.geocities.jp/eisaburou_hp/kifu1/kanaken079.txt]
[www.geocities.jp/eisaburou_hp/kifu1/kanaken079h.html]
[www.geocities.jp/eisaburou_hp/kifu1/kanaken085.txt]
[www.geocities.jp/eisaburou_hp/kifu1/kanaken085h.html]
[www.geocities.jp/eisaburou_hp/kifu1/nezu060.txt]
[www.geocities.jp/eisaburou_hp/kifu1/nezu060h.html]
[www.geocities.jp/eisaburou_hp/kifu1/kanaken090.txt]
[www.geocities.jp/eisaburou_hp/kifu1/kanaken090h.html]
[www.geocities.jp/eisaburou_hp/kifu1/kanaken099.txt]
[www.geocities.jp/eisaburou_hp/kifu1/kanaken099h.html]
[www.geocities.jp/eisaburou_hp/kifu1/gest067.txt]
[www.geocities.jp/eisaburou_hp/kifu1/gest067h.html]
[www.geocities.jp/eisaburou_hp/kifu1/kanaken100.txt]
[www.geocities.jp/eisaburou_hp/kifu1/kanaken100h.html]
[www.geocities.jp/eisaburou_hp/kifu1/kanaken104.txt]
[www.geocities.jp/eisaburou_hp/kifu1/kanaken104h.html]
[www.geocities.jp/eisaburou_hp/kifu1/kanaken103.txt]
[www.geocities.jp/eisaburou_hp/kifu1/kanaken103h.html]
[www.geocities.jp/eisaburou_hp/kifu1/kanaken105.txt]
[www.geocities.jp/eisaburou_hp/kifu1/kanaken105h.html]
[www.geocities.jp/eisaburou_hp/kifu1/kanaken107.txt]
[www.geocities.jp/eisaburou_hp/kifu1/kanaken107h.html]
[www.geocities.jp/eisaburou_hp/kifu1/kanaken109.txt]
[www.geocities.jp/eisaburou_hp/kifu1/kanaken109h.html]
[www.geocities.jp/eisaburou_hp/kifu1/imamu141.txt]
[www.geocities.jp/eisaburou_hp/kifu1/imamu141h.html]
[www.geocities.jp/eisaburou_hp/kifu1/kanaken122.txt]
[www.geocities.jp/eisaburou_hp/kifu1/kanaken122h.html]
[www.geocities.jp/eisaburou_hp/kifu1/kanaken034.txt]
[www.geocities.jp/eisaburou_hp/kifu1/kanaken034h.html]
[www.geocities.jp/eisaburou_hp/kifu1/kanaken046.txt]
[www.geocities.jp/eisaburou_hp/kifu1/kanaken046h.html]
[www.geocities.jp/eisaburou_hp/kifu1/kanaken053.txt]
[www.geocities.jp/eisaburou_hp/kifu1/kanaken053h.html]
[www.geocities.jp/eisaburou_hp/kifu1/kanaken087.txt]
[www.geocities.jp/eisaburou_hp/kifu1/kanaken087h.html]
[www.geocities.jp/eisaburou_hp/kifu1/kanaken094.txt]
[www.geocities.jp/eisaburou_hp/kifu1/kanaken094h.html]
[www.geocities.jp/eisaburou_hp/kifu1/kanaken004.txt]
[www.geocities.jp/eisaburou_hp/kifu1/kanaken004h.html]
[www.geocities.jp/eisaburou_hp/kifu1/kanaken013.txt]
[www.geocities.jp/eisaburou_hp/kifu1/kanaken013h.html]
[www.geocities.jp/eisaburou_hp/kifu1/kanaken041.txt]
[www.geocities.jp/eisaburou_hp/kifu1/kanaken041h.html]
[www.geocities.jp/eisaburou_hp/kifu1/kanaken076.txt]
[www.geocities.jp/eisaburou_hp/kifu1/kanaken076h.html]
[www.geocities.jp/eisaburou_hp/kifu1/kanaken086.txt]
[www.geocities.jp/eisaburou_hp/kifu1/kanaken086h.html]
[www.geocities.jp/eisaburou_hp/kifu1/kanaken106.txt]
[www.geocities.jp/eisaburou_hp/kifu1/kanaken106h.html]
[www.geocities.jp/eisaburou_hp/kifu1/kanaken009.txt]
[www.geocities.jp/eisaburou_hp/kifu1/kanaken009h.html]
[www.geocities.jp/eisaburou_hp/kifu1/kanaken031.txt]
[www.geocities.jp/eisaburou_hp/kifu1/kanaken031h.html]
[www.geocities.jp/eisaburou_hp/kifu1/kanaken032.txt]
[www.geocities.jp/eisaburou_hp/kifu1/kanaken032h.html]
[www.geocities.jp/eisaburou_hp/kifu1/kanaken033.txt]
[www.geocities.jp/eisaburou_hp/kifu1/kanaken033h.html]
[www.geocities.jp/eisaburou_hp/kifu1/kanaken044.txt]
[www.geocities.jp/eisaburou_hp/kifu1/kanaken044h.html]
[www.geocities.jp/eisaburou_hp/kifu1/kanaken047.txt]
[www.geocities.jp/eisaburou_hp/kifu1/kanaken047h.html]
[www.geocities.jp/eisaburou_hp/kifu1/kanaken050.txt]
[www.geocities.jp/eisaburou_hp/kifu1/kanaken050h.html]
[www.geocities.jp/eisaburou_hp/kifu1/kanaken063.txt]
[www.geocities.jp/eisaburou_hp/kifu1/kanaken063h.html]
[www.geocities.jp/eisaburou_hp/kifu1/kanaken064h.html]
[www.geocities.jp/eisaburou_hp/kifu1/kanaken064.txt]
[www.geocities.jp/eisaburou_hp/kifu1/kanaken065.txt]
[www.geocities.jp/eisaburou_hp/kifu1/kanaken065h.html]
[www.geocities.jp/eisaburou_hp/kifu1/nezu052.txt]
[www.geocities.jp/eisaburou_hp/kifu1/nezu052h.html]
[www.geocities.jp/eisaburou_hp/kifu1/kanaken066.txt]
[www.geocities.jp/eisaburou_hp/kifu1/kanaken066h.html]
[www.geocities.jp/eisaburou_hp/kifu1/kanaken069h.html]
[www.geocities.jp/eisaburou_hp/kifu1/kanaken069.txt]
[www.geocities.jp/eisaburou_hp/kifu1/nezu053.txt]
[www.geocities.jp/eisaburou_hp/kifu1/nezu053h.html]
[www.geocities.jp/eisaburou_hp/kifu1/gest018.txt]
[www.geocities.jp/eisaburou_hp/kifu1/gest018h.html]
[www.geocities.jp/eisaburou_hp/kifu1/nezu055.txt]
[www.geocities.jp/eisaburou_hp/kifu1/nezu055h.html]
[www.geocities.jp/eisaburou_hp/kifu1/nezu057.txt]
[www.geocities.jp/eisaburou_hp/kifu1/nezu057h.html]
[www.geocities.jp/eisaburou_hp/kifu1/kanaken075.txt]
[www.geocities.jp/eisaburou_hp/kifu1/kanaken075h.html]
[www.geocities.jp/eisaburou_hp/kifu1/kanaken078.txt]
[www.geocities.jp/eisaburou_hp/kifu1/kanaken078h.html]
[www.geocities.jp/eisaburou_hp/kifu1/kanaken089h.html]
[www.geocities.jp/eisaburou_hp/kifu1/kanaken089.txt]
[www.geocities.jp/eisaburou_hp/kifu1/syu008.txt]
[www.geocities.jp/eisaburou_hp/kifu1/syu008h.html]
[www.geocities.jp/eisaburou_hp/kifu1/syu006.txt]
[www.geocities.jp/eisaburou_hp/kifu1/syu006h.html]
[www.geocities.jp/eisaburou_hp/kifu1/syu007.txt]
[www.geocities.jp/eisaburou_hp/kifu1/syu007h.html]
[www.geocities.jp/eisaburou_hp/kifu1/syu004.txt]
[www.geocities.jp/eisaburou_hp/kifu1/syu004h.html]
[www.geocities.jp/eisaburou_hp/kifu1/syu005.txt]
[www.geocities.jp/eisaburou_hp/kifu1/syu005h.html]
[www.geocities.jp/eisaburou_hp/kifu1/syu009.txt]
[www.geocities.jp/eisaburou_hp/kifu1/syu009h.html]
[www.geocities.jp/eisaburou_hp/kifu1/syu010.txt]
[www.geocities.jp/eisaburou_hp/kifu1/syu010h.html]
[www.geocities.jp/eisaburou_hp/kifu1/syu011.txt]
[www.geocities.jp/eisaburou_hp/kifu1/syu011h.html]
[www.geocities.jp/eisaburou_hp/kifu1/syu012.txt]
[www.geocities.jp/eisaburou_hp/kifu1/syu012h.html]
[www.geocities.jp/eisaburou_hp/kifu1/syu013.txt]
[www.geocities.jp/eisaburou_hp/kifu1/syu013h.html]
[www.geocities.jp/eisaburou_hp/kifu1/syu014.txt]
[www.geocities.jp/eisaburou_hp/kifu1/syu014h.html]
[www.geocities.jp/eisaburou_hp/kifu1/syu015.txt]
[www.geocities.jp/eisaburou_hp/kifu1/syu015h.html]
[www.geocities.jp/eisaburou_hp/kifu1/syu016.txt]
[www.geocities.jp/eisaburou_hp/kifu1/syu016h.html]
[www.geocities.jp/eisaburou_hp/kifu1/syu017.txt]
[www.geocities.jp/eisaburou_hp/kifu1/syu017h.html]
[www.geocities.jp/eisaburou_hp/kifu1/gest064.txt]
[www.geocities.jp/eisaburou_hp/kifu1/gest064h.html]
[www.geocities.jp/eisaburou_hp/kifu1/ichigo001.txt]
[www.geocities.jp/eisaburou_hp/kifu1/ichigo001h.html]
[www.geocities.jp/eisaburou_hp/kifu1/ichigo002.txt]
[www.geocities.jp/eisaburou_hp/kifu1/ichigo002h.html]
[www.geocities.jp/eisaburou_hp/kifu1/kurojirogin001.txt]
[www.geocities.jp/eisaburou_hp/kifu1/kurojirogin001h.html]
[www.geocities.jp/eisaburou_hp/kifu1/kuro010.txt]
[www.geocities.jp/eisaburou_hp/kifu1/kuro010h.html]
[www.geocities.jp/eisaburou_hp/kifu1/kuro012.txt]
[www.geocities.jp/eisaburou_hp/kifu1/kuro012h.html]
[www.geocities.jp/eisaburou_hp/kifu1/kuro013h.html]
[www.geocities.jp/eisaburou_hp/kifu1/kuro013.txt]
[www.geocities.jp/eisaburou_hp/kifu1/kuro014.txt]
[www.geocities.jp/eisaburou_hp/kifu1/kuro014h.html]
[www.geocities.jp/eisaburou_hp/kifu1/kuro023.txt]
[www.geocities.jp/eisaburou_hp/kifu1/kuro023h.html]
[www.geocities.jp/eisaburou_hp/kifu1/gest031.txt]
[www.geocities.jp/eisaburou_hp/kifu1/gest031h.html]
[www.geocities.jp/eisaburou_hp/kifu1/gest029.txt]
[www.geocities.jp/eisaburou_hp/kifu1/gest029h.html]
[www.geocities.jp/eisaburou_hp/kifu1/gest034.txt]
[www.geocities.jp/eisaburou_hp/kifu1/gest034h.html]
[www.geocities.jp/eisaburou_hp/kifu1/gest035.txt]
[www.geocities.jp/eisaburou_hp/kifu1/gest035h.html]
[www.geocities.jp/eisaburou_hp/kifu1/milk001.txt]
[www.geocities.jp/eisaburou_hp/kifu1/milk001h.html]
[www.geocities.jp/eisaburou_hp/kifu1/imamu092.txt]
[www.geocities.jp/eisaburou_hp/kifu1/imamu092h.html]
[www.geocities.jp/eisaburou_hp/kifu1/nezu061.txt]
[www.geocities.jp/eisaburou_hp/kifu1/nezu061h.html]
[www.geocities.jp/eisaburou_hp/kifu1/gest050.txt]
[www.geocities.jp/eisaburou_hp/kifu1/gest050h.html]
[www.geocities.jp/eisaburou_hp/kifu1/gest057.txt]
[www.geocities.jp/eisaburou_hp/kifu1/gest057h.html]
[www.geocities.jp/eisaburou_hp/kifu1/koma003.txt]
[www.geocities.jp/eisaburou_hp/kifu1/koma003h.html]
[www.geocities.jp/eisaburou_hp/kifu1/koma001.txt]
[www.geocities.jp/eisaburou_hp/kifu1/koma001h.html]
[www.geocities.jp/eisaburou_hp/kifu1/koma002.txt]
[www.geocities.jp/eisaburou_hp/kifu1/koma002h.html]
[www.geocities.jp/eisaburou_hp/kifu1/ayako008.txt]
[www.geocities.jp/eisaburou_hp/kifu1/ayako008h.html]
[www.geocities.jp/eisaburou_hp/kifu1/ayako007.txt]
[www.geocities.jp/eisaburou_hp/kifu1/ayako007h.html]
[www.geocities.jp/eisaburou_hp/kifu1/kisito005h.html]
[www.geocities.jp/eisaburou_hp/kifu1/kisito005.txt]
[www.geocities.jp/eisaburou_hp/kifu1/kisito003h.html]
[www.geocities.jp/eisaburou_hp/kifu1/kisito003.txt]
[www.geocities.jp/eisaburou_hp/kifu1/kisito002.txt]
[www.geocities.jp/eisaburou_hp/kifu1/kisito001h.html]
[www.geocities.jp/eisaburou_hp/kifu1/koma004.txt]
[www.geocities.jp/eisaburou_hp/kifu1/koma004h.html]
[www.geocities.jp/eisaburou_hp/kifu1/ayako002.txt]
[www.geocities.jp/eisaburou_hp/kifu1/ayako002h.html]
[www.geocities.jp/eisaburou_hp/kifu1/ayako003.txt]
[www.geocities.jp/eisaburou_hp/kifu1/ayako003h.html]
[www.geocities.jp/eisaburou_hp/kifu1/ayako004h.html]
[www.geocities.jp/eisaburou_hp/kifu1/ayako004.txt]
[www.geocities.jp/eisaburou_hp/kifu1/ayako006.txt]
[www.geocities.jp/eisaburou_hp/kifu1/ayako006h.html]
[www.geocities.jp/eisaburou_hp/kifu1/imamu136.txt]
[www.geocities.jp/eisaburou_hp/kifu1/imamu136h.html]
[www.geocities.jp/eisaburou_hp/kifu1/kurok022.html]
[www.geocities.jp/eisaburou_hp/kifu1/imamu080.txt]
[www.geocities.jp/eisaburou_hp/kifu1/imamu080h.html]
[www.geocities.jp/eisaburou_hp/kifu1/gest051.txt]
[www.geocities.jp/eisaburou_hp/kifu1/gest051h.html]
[www.geocities.jp/eisaburou_hp/kifu1/tia004.txt]
[www.geocities.jp/eisaburou_hp/kifu1/tia004h.html]
[www.geocities.jp/eisaburou_hp/kifu1/papa128.txt]
[www.geocities.jp/eisaburou_hp/kifu1/papa128h.html]
[www.geocities.jp/eisaburou_hp/kifu1/tia006.txt]
[www.geocities.jp/eisaburou_hp/kifu1/tia006h.html]
[www.geocities.jp/eisaburou_hp/kifu1/papa129.txt]
[www.geocities.jp/eisaburou_hp/kifu1/papa129h.html]
[www.geocities.jp/eisaburou_hp/kifu1/imamu066.txt]
[www.geocities.jp/eisaburou_hp/kifu1/imamu066h.html]
[www.geocities.jp/eisaburou_hp/kifu1/imamu067.txt]
[www.geocities.jp/eisaburou_hp/kifu1/imamu067h.html]
[www.geocities.jp/eisaburou_hp/kifu1/imamu068.txt]
[www.geocities.jp/eisaburou_hp/kifu1/imamu068h.html]
[www.geocities.jp/eisaburou_hp/kifu1/imamu074.txt]
[www.geocities.jp/eisaburou_hp/kifu1/imamu074h.html]
[www.geocities.jp/eisaburou_hp/kifu1/puro038.txt]
[www.geocities.jp/eisaburou_hp/kifu1/puro038h.html]
[www.geocities.jp/eisaburou_hp/kifu1/papa136.txt]
[www.geocities.jp/eisaburou_hp/kifu1/papa136h.html]
[www.geocities.jp/eisaburou_hp/kifu1/gest045.txt]
[www.geocities.jp/eisaburou_hp/kifu1/gest045h.html]
[www.geocities.jp/eisaburou_hp/kifu1/yagura001.txt]
[www.geocities.jp/eisaburou_hp/kifu1/yagura001h.html]
[www.geocities.jp/eisaburou_hp/kifu1/yagura004.txt]
[www.geocities.jp/eisaburou_hp/kifu1/yagura004h.html]
[www.geocities.jp/eisaburou_hp/kifu1/yagura003.txt]
[www.geocities.jp/eisaburou_hp/kifu1/yagura003h.html]
[www.geocities.jp/eisaburou_hp/kifu1/nezu007.txt]
[www.geocities.jp/eisaburou_hp/kifu1/nezu007h.html]
[www.geocities.jp/eisaburou_hp/kifu1/nezu008.txt]
[www.geocities.jp/eisaburou_hp/kifu1/nezu008h.html]
[www.geocities.jp/eisaburou_hp/kifu1/nezu020.txt]
[www.geocities.jp/eisaburou_hp/kifu1/nezu020h.html]
[www.geocities.jp/eisaburou_hp/kifu1/toku001.txt]
[www.geocities.jp/eisaburou_hp/kifu1/toku001h.html]
[www.geocities.jp/eisaburou_hp/kifu1/papa011.txt]
[www.geocities.jp/eisaburou_hp/kifu1/papa011h.html]
[www.geocities.jp/eisaburou_hp/kifu1/papa015.txt]
[www.geocities.jp/eisaburou_hp/kifu1/papa015h.html]
[www.geocities.jp/eisaburou_hp/kifu1/papa016h.html]
[www.geocities.jp/eisaburou_hp/kifu1/papa017.txt]
[www.geocities.jp/eisaburou_hp/kifu1/papa017h.html]
[www.geocities.jp/eisaburou_hp/kifu1/papa016.txt]
[www.geocities.jp/eisaburou_hp/kifu1/papa030h.html]
[www.geocities.jp/eisaburou_hp/kifu1/papa030.txt]
[www.geocities.jp/eisaburou_hp/kifu1/papa031.txt]
[www.geocities.jp/eisaburou_hp/kifu1/papa031h.html]
[www.geocities.jp/eisaburou_hp/kifu1/papa034h.html]
[www.geocities.jp/eisaburou_hp/kifu1/papa034.txt]
[www.geocities.jp/eisaburou_hp/kifu1/papa035.txt]
[www.geocities.jp/eisaburou_hp/kifu1/papa035h.html]
[www.geocities.jp/eisaburou_hp/kifu1/papa037.txt]
[www.geocities.jp/eisaburou_hp/kifu1/papa037h.html]
[www.geocities.jp/eisaburou_hp/kifu1/papa038.txt]
[www.geocities.jp/eisaburou_hp/kifu1/papa038h.html]
[www.geocities.jp/eisaburou_hp/kifu1/papa041.txt]
[www.geocities.jp/eisaburou_hp/kifu1/papa041h.html]
[www.geocities.jp/eisaburou_hp/kifu1/papa042.txt]
[www.geocities.jp/eisaburou_hp/kifu1/papa042h.html]
[www.geocities.jp/eisaburou_hp/kifu1/papa066.txt]
[www.geocities.jp/eisaburou_hp/kifu1/papa066h.html]
[www.geocities.jp/eisaburou_hp/kifu1/papa068.txt]
[www.geocities.jp/eisaburou_hp/kifu1/papa068h.html]
[www.geocities.jp/eisaburou_hp/kifu1/papa085.txt]
[www.geocities.jp/eisaburou_hp/kifu1/papa085h.html]
[www.geocities.jp/eisaburou_hp/kifu1/papa091.txt]
[www.geocities.jp/eisaburou_hp/kifu1/papa091h.html]
[www.geocities.jp/eisaburou_hp/kifu1/papa094.txt]
[www.geocities.jp/eisaburou_hp/kifu1/papa094h.html]
[www.geocities.jp/eisaburou_hp/kifu1/papa095.txt]
[www.geocities.jp/eisaburou_hp/kifu1/papa095h.html]
[www.geocities.jp/eisaburou_hp/kifu1/papa096.txt]
[www.geocities.jp/eisaburou_hp/kifu1/papa096h.html]
[www.geocities.jp/eisaburou_hp/kifu1/papa103.txt]
[www.geocities.jp/eisaburou_hp/kifu1/papa103h.html]
[www.geocities.jp/eisaburou_hp/kifu1/papa123.txt]
[www.geocities.jp/eisaburou_hp/kifu1/papa123h.html]
[www.geocities.jp/eisaburou_hp/kifu1/puro033.txt]
[www.geocities.jp/eisaburou_hp/kifu1/puro033h.html]
[www.geocities.jp/eisaburou_hp/kifu1/papa135.txt]
[www.geocities.jp/eisaburou_hp/kifu1/papa135h.html]
[www.geocities.jp/eisaburou_hp/kifu1/puro046.txt]
[www.geocities.jp/eisaburou_hp/kifu1/puro046h.html]
[www.geocities.jp/eisaburou_hp/kifu1/papa144.txt]
[www.geocities.jp/eisaburou_hp/kifu1/papa144h.html]
[www.geocities.jp/eisaburou_hp/kifu1/puro069.txt]
[www.geocities.jp/eisaburou_hp/kifu1/puro069h.html]
[www.geocities.jp/eisaburou_hp/kifu1/imamu114.txt]
[www.geocities.jp/eisaburou_hp/kifu1/imamu114h.html]
[www.geocities.jp/eisaburou_hp/kifu1/puro077.txt]
[www.geocities.jp/eisaburou_hp/kifu1/puro077h.html]
[www.geocities.jp/eisaburou_hp/kifu1/puro078.txt]
[www.geocities.jp/eisaburou_hp/kifu1/puro078h.html]
[www.geocities.jp/eisaburou_hp/kifu1/papa010.txt]
[www.geocities.jp/eisaburou_hp/kifu1/papa010h.html]
[www.geocities.jp/eisaburou_hp/kifu1/papa014.txt]
[www.geocities.jp/eisaburou_hp/kifu1/papa014h.html]
[www.geocities.jp/eisaburou_hp/kifu1/papa033.txt]
[www.geocities.jp/eisaburou_hp/kifu1/papa033h.html]
[www.geocities.jp/eisaburou_hp/kifu1/papa043.txt]
[www.geocities.jp/eisaburou_hp/kifu1/papa043h.html]
[www.geocities.jp/eisaburou_hp/kifu1/papa044.txt]
[www.geocities.jp/eisaburou_hp/kifu1/papa044h.html]
[www.geocities.jp/eisaburou_hp/kifu1/papa048.txt]
[www.geocities.jp/eisaburou_hp/kifu1/papa048h.html]
[www.geocities.jp/eisaburou_hp/kifu1/papa054.txt]
[www.geocities.jp/eisaburou_hp/kifu1/papa054h.html]
[www.geocities.jp/eisaburou_hp/kifu1/papa069.txt]
[www.geocities.jp/eisaburou_hp/kifu1/papa069h.html]
[www.geocities.jp/eisaburou_hp/kifu1/papa070h.html]
[www.geocities.jp/eisaburou_hp/kifu1/papa070.txt]
[www.geocities.jp/eisaburou_hp/kifu1/papa073.txt]
[www.geocities.jp/eisaburou_hp/kifu1/papa073h.html]
[www.geocities.jp/eisaburou_hp/kifu1/papa076.txt]
[www.geocities.jp/eisaburou_hp/kifu1/papa076h.html]
[www.geocities.jp/eisaburou_hp/kifu1/papa090.txt]
[www.geocities.jp/eisaburou_hp/kifu1/papa090h.html]
[www.geocities.jp/eisaburou_hp/kifu1/papa092.txt]
[www.geocities.jp/eisaburou_hp/kifu1/papa092h.html]
[www.geocities.jp/eisaburou_hp/kifu1/papa100.txt]
[www.geocities.jp/eisaburou_hp/kifu1/papa100h.html]
[www.geocities.jp/eisaburou_hp/kifu1/papa101.txt]
[www.geocities.jp/eisaburou_hp/kifu1/papa101h.html]
[www.geocities.jp/eisaburou_hp/kifu1/papa109.txt]
[www.geocities.jp/eisaburou_hp/kifu1/papa109h.html]
[www.geocities.jp/eisaburou_hp/kifu1/papa110.txt]
[www.geocities.jp/eisaburou_hp/kifu1/papa110h.html]
[www.geocities.jp/eisaburou_hp/kifu1/papa111.txt]
[www.geocities.jp/eisaburou_hp/kifu1/papa111h.html]
[www.geocities.jp/eisaburou_hp/kifu1/papa115.txt]
[www.geocities.jp/eisaburou_hp/kifu1/papa115h.html]
[www.geocities.jp/eisaburou_hp/kifu1/papa121.txt]
[www.geocities.jp/eisaburou_hp/kifu1/papa121h.html]
[www.geocities.jp/eisaburou_hp/kifu1/papa133h.html]
[www.geocities.jp/eisaburou_hp/kifu1/papa133.txt]
[www.geocities.jp/eisaburou_hp/kifu1/syu003.txt]
[www.geocities.jp/eisaburou_hp/kifu1/syu003h.html]
[www.geocities.jp/eisaburou_hp/kifu1/puro037.txt]
[www.geocities.jp/eisaburou_hp/kifu1/puro037h.html]
[www.geocities.jp/eisaburou_hp/kifu1/papa141.txt]
[www.geocities.jp/eisaburou_hp/kifu1/papa141h.html]
[www.geocities.jp/eisaburou_hp/kifu1/ana001.txt]
[www.geocities.jp/eisaburou_hp/kifu1/ana001h.html]
[www.geocities.jp/eisaburou_hp/kifu1/papa143.txt]
[www.geocities.jp/eisaburou_hp/kifu1/papa143h.html]
[www.geocities.jp/eisaburou_hp/kifu1/puro065.txt]
[www.geocities.jp/eisaburou_hp/kifu1/puro065h.html]
[www.geocities.jp/eisaburou_hp/kifu1/puro066.txt]
[www.geocities.jp/eisaburou_hp/kifu1/puro066h.html]
[www.geocities.jp/eisaburou_hp/kifu1/imamu100.txt]
[www.geocities.jp/eisaburou_hp/kifu1/imamu100h.html]
[www.geocities.jp/eisaburou_hp/kifu1/puro063.txt]
[www.geocities.jp/eisaburou_hp/kifu1/puro063h.html]
[www.geocities.jp/eisaburou_hp/kifu1/puro064.txt]
[www.geocities.jp/eisaburou_hp/kifu1/puro064h.html]
[www.geocities.jp/eisaburou_hp/kifu1/puro072h.html]
[www.geocities.jp/eisaburou_hp/kifu1/puro075.txt]
[www.geocities.jp/eisaburou_hp/kifu1/puro075h.html]
[www.geocities.jp/eisaburou_hp/kifu1/puro072.txt]
[www.geocities.jp/eisaburou_hp/kifu1/puro071.txt]
[www.geocities.jp/eisaburou_hp/kifu1/puro071h.html]
[www.geocities.jp/eisaburou_hp/kifu1/puro070.txt]
[www.geocities.jp/eisaburou_hp/kifu1/puro070h.html]
[www.geocities.jp/eisaburou_hp/kifu1/puro068.txt]
[www.geocities.jp/eisaburou_hp/kifu1/puro068h.html]
[www.geocities.jp/eisaburou_hp/kifu1/puro067.txt]
[www.geocities.jp/eisaburou_hp/kifu1/puro067h.html]
[www.geocities.jp/eisaburou_hp/kifu1/puro076.txt]
[www.geocities.jp/eisaburou_hp/kifu1/puro076h.html]
[www.geocities.jp/eisaburou_hp/kifu1/puro030h.html]
[www.geocities.jp/eisaburou_hp/kifu1/puro031.txt]
[www.geocities.jp/eisaburou_hp/kifu1/puro030.txt]
[www.geocities.jp/eisaburou_hp/kifu1/puro031h.html]
[www.geocities.jp/eisaburou_hp/kifu1/papa127.txt]
[www.geocities.jp/eisaburou_hp/kifu1/papa127h.html]
[www.geocities.jp/eisaburou_hp/kifu1/papa130.txt]
[www.geocities.jp/eisaburou_hp/kifu1/papa130h.html]
[www.geocities.jp/eisaburou_hp/kifu1/puro003.txt]
[www.geocities.jp/eisaburou_hp/kifu1/puro003h.html]
[www.geocities.jp/eisaburou_hp/kifu1/puro008h.html]
[www.geocities.jp/eisaburou_hp/kifu1/puro008.txt]
[www.geocities.jp/eisaburou_hp/kifu1/puro016.txt]
[www.geocities.jp/eisaburou_hp/kifu1/puro016h.html]
[www.geocities.jp/eisaburou_hp/kifu1/puro018.txt]
[www.geocities.jp/eisaburou_hp/kifu1/puro018h.html]
[www.geocities.jp/eisaburou_hp/kifu1/puro021.txt]
[www.geocities.jp/eisaburou_hp/kifu1/puro021h.html]
[www.geocities.jp/eisaburou_hp/kifu1/puro032.txt]
[www.geocities.jp/eisaburou_hp/kifu1/puro032h.html]
[www.geocities.jp/eisaburou_hp/kifu1/puro035.txt]
[www.geocities.jp/eisaburou_hp/kifu1/puro035h.html]
[www.geocities.jp/eisaburou_hp/kifu1/puro036.txt]
[www.geocities.jp/eisaburou_hp/kifu1/puro036h.html]
[www.geocities.jp/eisaburou_hp/kifu1/puro042.txt]
[www.geocities.jp/eisaburou_hp/kifu1/puro042h.html]
[www.geocities.jp/eisaburou_hp/kifu1/kuro20h.html]
[www.geocities.jp/eisaburou_hp/kifu1/kanaken084.txt]
[www.geocities.jp/eisaburou_hp/kifu1/kanaken084h.html]
[www.geocities.jp/eisaburou_hp/kifu1/tia001.txt]
[www.geocities.jp/eisaburou_hp/kifu1/tia001h.html]
[www.geocities.jp/eisaburou_hp/kifu1/tia003.txt]
[www.geocities.jp/eisaburou_hp/kifu1/tia003h.html]
[www.geocities.jp/eisaburou_hp/kifu1/papa134.txt]
[www.geocities.jp/eisaburou_hp/kifu1/papa134h.html]
[www.geocities.jp/eisaburou_hp/kifu1/imamu069.txt]
[www.geocities.jp/eisaburou_hp/kifu1/imamu069h.html]
[www.geocities.jp/eisaburou_hp/kifu1/imamu070.txt]
[www.geocities.jp/eisaburou_hp/kifu1/imamu070h.html]
[www.geocities.jp/eisaburou_hp/kifu1/imamu072.txt]
[www.geocities.jp/eisaburou_hp/kifu1/imamu072h.html]
[www.geocities.jp/eisaburou_hp/kifu1/papa139.txt]
[www.geocities.jp/eisaburou_hp/kifu1/papa139h.html]
[www.geocities.jp/eisaburou_hp/kifu1/papa140.txt]
[www.geocities.jp/eisaburou_hp/kifu1/papa140h.html]
[www.geocities.jp/eisaburou_hp/kifu1/puro051.txt]
[www.geocities.jp/eisaburou_hp/kifu1/puro051h.html]
[www.geocities.jp/eisaburou_hp/kifu1/puro050.txt]
[www.geocities.jp/eisaburou_hp/kifu1/puro050h.html]
[www.geocities.jp/eisaburou_hp/kifu1/puro055.txt]
[www.geocities.jp/eisaburou_hp/kifu1/puro055h.html]
[www.geocities.jp/eisaburou_hp/kifu1/imamu084.txt]
[www.geocities.jp/eisaburou_hp/kifu1/imamu084h.html]
[www.geocities.jp/eisaburou_hp/kifu1/gest022.txt]
[www.geocities.jp/eisaburou_hp/kifu1/gest022h.html]
[www.geocities.jp/eisaburou_hp/kifu1/papa142.txt]
[www.geocities.jp/eisaburou_hp/kifu1/papa142h.html]
[www.geocities.jp/eisaburou_hp/kifu1/gest036.txt]
[www.geocities.jp/eisaburou_hp/kifu1/gest036h.html]
[www.geocities.jp/eisaburou_hp/kifu1/gest040.txt]
[www.geocities.jp/eisaburou_hp/kifu1/gest040h.html]
[www.geocities.jp/eisaburou_hp/kifu1/gest041.txt]
[www.geocities.jp/eisaburou_hp/kifu1/gest041h.html]
[www.geocities.jp/eisaburou_hp/tumeshougi.jpg]
[www.geocities.jp/eisaburou_hp/rusi.png]
[www.geocities.jp/eisaburou_hp/tumeshougi-frame1.html]
[www.geocities.jp/eisaburou_hp/tumeshougi.mid]
[www.geocities.jp/eisaburou_hp/tume001.html]
[www.geocities.jp/eisaburou_hp/tumeshougi-frame2.html]
[www.geocities.jp/eisaburou_hp/kifu1/gest044.txt]
[www.geocities.jp/eisaburou_hp/kifu1/gest044h.html]
[www.geocities.jp/eisaburou_hp/kifu1/gest033.txt]
[www.geocities.jp/eisaburou_hp/kifu1/gest033h.html]
[www.geocities.jp/eisaburou_hp/kifu1/gest028h.html]
[www.geocities.jp/eisaburou_hp/kifu1/gest028.txt]
[www.geocities.jp/eisaburou_hp/kifu1/gest027h.html]
[www.geocities.jp/eisaburou_hp/kifu1/gest027.txt]
[www.geocities.jp/eisaburou_hp/kifu1/gest026h.html]
[www.geocities.jp/eisaburou_hp/kifu1/kifuj/Applet1.html]
[www.geocities.jp/eisaburou_hp/kifu1/kifujhelp.html]
[www.geocities.jp/eisaburou_hp/kifuj/Applet1.html]
[www.geocities.jp/eisaburou_hp/kifujhelp.html]
[www.geocities.jp/eisaburou_hp/kifu1/index.html]
[www.geocities.jp/eisaburou_hp/kifu1/title1.html]
[www.geocities.jp/eisaburou_hp/kifu1/gest026.txt]
[www.geocities.jp/eisaburou_hp/20060524175337.gif]
[www.geocities.jp/eisaburou_hp/20060524090318.gif]
[www.geocities.jp/eisaburou_hp/20060528135027.gif]
[www.geocities.jp/eisaburou_hp/20060528135708.gif]
[www.geocities.jp/eisaburou_hp/20060530054015.gif]
[www.geocities.jp/eisaburou_hp/20060530055209.gif]
[www.geocities.jp/eisaburou_hp/20060531083603.gif]
[www.geocities.jp/eisaburou_hp/20060601111033.gif]
[www.geocities.jp/eisaburou_hp/20060601110829.gif]
[www.geocities.jp/eisaburou_hp/20060513141253.gif]
[www.geocities.jp/eisaburou_hp/tume001.html]
